
> react-example@0.0.0 build
> vite build

[36mvite v6.4.1 [32mbuilding for production...[36m[39m
transforming...
[32mΓ£ô[39m 2791 modules transformed.
rendering chunks...
computing gzip size...
[2mdist/[22m[32mindex.html                 [39m[1m[2m    0.41 kB[22m[1m[22m[2m Γöé gzip:   0.28 kB[22m
[2mdist/[22m[35massets/index-BoJQvDVA.css  [39m[1m[2m  142.27 kB[22m[1m[22m[2m Γöé gzip:  19.85 kB[22m
[2mdist/[22m[36massets/index-CFCc52Wh.js   [39m[1m[33m1,221.30 kB[39m[22m[2m Γöé gzip: 355.05 kB[22m
[32mΓ£ô built in 10.42s[39m
